// Jest Snapshot v1, https://goo.gl/fbAQLP

exports[`Cats matches a snapshot 1`] = `
<div>
  <div
    className="sc-gKPRtg jIWpuK"
    disabled={false}
  >
    <input
      className="sc-iBYQkv jYjfUp"
      disabled={false}
      onChange={[Function]}
      placeholder="Image id..."
      type="text"
      value=""
    />
    <div
      className="sc-dkrFOg ifKtkp"
      disabled={false}
      onClick={[Function]}
    >
      <div
        className="sc-hLBbgP fNKXvp"
      >
         
        <div
          className="sc-gswNZR fMZMjG"
        >
          <svg
            viewBox="0 0 256 256"
          >
            <g
              transform="translate(1.4065934065934016 1.4065934065934016) scale(2.81 2.81)"
            >
              <path
                d="M 90 24.25 c 0 -0.896 -0.342 -1.792 -1.025 -2.475 c -1.366 -1.367 -3.583 -1.367 -4.949 0 L 45 60.8 L 5.975 21.775 c -1.367 -1.367 -3.583 -1.367 -4.95 0 c -1.366 1.367 -1.366 3.583 0 4.95 l 41.5 41.5 c 1.366 1.367 3.583 1.367 4.949 0 l 41.5 -41.5 C 89.658 26.042 90 25.146 90 24.25 z"
                strokeLinecap="round"
                transform=" matrix(1 0 0 1 0 0) "
              />
            </g>
          </svg>
        </div>
      </div>
      <div
        className="sc-eDvSVe czzLRF"
        open={false}
      >
        <div
          className="sc-jSUZER cbMzIT"
          onClick={[Function]}
        >
          Random order
        </div>
        <div
          className="sc-jSUZER cbMzIT"
          onClick={[Function]}
        >
          Ascending
        </div>
        <div
          className="sc-jSUZER cbMzIT"
          onClick={[Function]}
        >
          Descending
        </div>
      </div>
    </div>
    <div
      className="sc-dkrFOg ifKtkp"
      disabled={false}
      onClick={[Function]}
    >
      <div
        className="sc-hLBbgP fNKXvp"
      >
         
        <div
          className="sc-gswNZR fMZMjG"
        >
          <svg
            viewBox="0 0 256 256"
          >
            <g
              transform="translate(1.4065934065934016 1.4065934065934016) scale(2.81 2.81)"
            >
              <path
                d="M 90 24.25 c 0 -0.896 -0.342 -1.792 -1.025 -2.475 c -1.366 -1.367 -3.583 -1.367 -4.949 0 L 45 60.8 L 5.975 21.775 c -1.367 -1.367 -3.583 -1.367 -4.95 0 c -1.366 1.367 -1.366 3.583 0 4.95 l 41.5 41.5 c 1.366 1.367 3.583 1.367 4.949 0 l 41.5 -41.5 C 89.658 26.042 90 25.146 90 24.25 z"
                strokeLinecap="round"
                transform=" matrix(1 0 0 1 0 0) "
              />
            </g>
          </svg>
        </div>
      </div>
      <div
        className="sc-eDvSVe czzLRF"
        open={false}
      >
        <div
          className="sc-jSUZER cbMzIT"
          onClick={[Function]}
        >
          Random breed
        </div>
      </div>
    </div>
  </div>
  <div
    className="sc-eDWCr gwNTpN"
  >
    <div
      className="sc-ksBlkl kBZAiz"
    >
      <img
        alt="Paw"
        className="sc-csuSiG ifTmSc"
        src=""
      />
      <div
        className="sc-bqWxrE cjJqQw"
      >
        No data
      </div>
    </div>
  </div>
</div>
`;
